// Jest Snapshot v1, https://goo.gl/fbAQLP

exports[`app/shared-components/TrackerDistributionGraph/ Snapshot test with shallow TrackerDistributionGraph should render 1`] = `
<div
  className="StandAloneGraph__background d-flex"
>
  <div
    className="d-flex flex-column"
  >
    <Connect(StandAloneGraphHeader)
      expandGraph={[Function]}
      expandable={true}
      expanded={true}
      handleClick={null}
      hideSeeDetails={false}
      small={false}
      title="Tracker Distribution"
      tooltipText="View the distribution of trackers based on size and latency"
    >
      <ThemedLegend
        pageEvent={false}
      />
    </Connect(StandAloneGraphHeader)>
    <div
      className="TrackerDistributionGraph__container"
      style={
        Object {
          "height": "1px",
          "width": "1px",
        }
      }
    >
      <div />
    </div>
  </div>
</div>
`;
